
> swingspot-landing@0.1.0 build
> next build

Γû▓ Next.js 16.1.1 (Turbopack)

  Creating an optimized production build ...
Γ£ô Compiled successfully in 1732.3ms
  Running TypeScript ...
  Collecting page data using 27 workers ...
  Generating static pages using 27 workers (0/8) ...
  Generating static pages using 27 workers (2/8) 
  Generating static pages using 27 workers (4/8) 
  Generating static pages using 27 workers (6/8) 
Γ£ô Generating static pages using 27 workers (8/8) in 434.8ms
  Finalizing page optimization ...

Route (app)
Γöî Γùï /
Γö£ Γùï /_not-found
Γö£ Γùï /blog
Γö£ Γùï /icon.png
Γö£ ╞Æ /opengraph-image
Γö£ Γùï /privacy-policy
Γö£ Γùï /robots.txt
Γöö Γùï /sitemap.xml


Γùï  (Static)   prerendered as static content
╞Æ  (Dynamic)  server-rendered on demand

